// Jest Snapshot v1, https://goo.gl/fbAQLP

exports[`groupFlatArray can't pass less than zero 1`] = `"groupLength should be more than zero"`;

exports[`groupFlatArray can't pass zero 1`] = `"groupLength should be more than zero"`;
