// Jest Snapshot v1, https://goo.gl/fbAQLP

exports[`ManagerBot method sendMessage throw error if send message after delete chatId 1`] = `"Specify chatId via managerBot.addChat(chatId) to sendMessage for specific chat"`;

exports[`ManagerBot method sendMessage throw error without initializing chatId 1`] = `"Specify chatId via managerBot.addChat(chatId) to sendMessage for specific chat"`;
